[2026-10-06T18:14:04+07:00] finalize watcher started
[2026-10-06T18:14:04+07:00] local crawler still running; waiting
[2026-10-06T18:14:26+07:00] finalize watcher started
[2026-10-06T18:14:27+07:00] local crawler still running; waiting
[2026-10-06T18:15:27+07:00] local crawler still running; waiting
[2026-10-06T18:16:27+07:00] local crawler still running; waiting
[2026-10-06T18:17:27+07:00] local crawler still running; waiting
[2026-10-06T18:18:27+07:00] local crawler still running; waiting
[2026-10-06T18:19:27+07:00] local crawler still running; waiting
[2026-10-06T18:20:27+07:00] local crawler still running; waiting
[2026-10-06T18:21:27+07:00] local crawler stopped
[2026-10-06T18:21:27+07:00] peer pack still running: 544 tar, 4 tmp
[2026-10-06T18:21:56+07:00] finalize watcher started
[2026-10-06T18:21:56+07:00] local crawler stopped
[2026-10-06T18:21:56+07:00] peer pack still running: 545 tar, 4 tmp
[2026-10-06T18:22:56+07:00] peer pack still running: 546 tar, 4 tmp
[2026-10-06T18:23:56+07:00] peer pack still running: 547 tar, 4 tmp
[2026-10-06T18:24:56+07:00] peer pack still running: 549 tar, 4 tmp
[2026-10-06T18:25:57+07:00] peer pack still running: 551 tar, 4 tmp
[2026-10-06T18:26:57+07:00] peer pack still running: 552 tar, 4 tmp
[2026-10-06T18:27:57+07:00] peer pack still running: 553 tar, 4 tmp
[2026-10-06T18:28:57+07:00] peer pack still running: 555 tar, 4 tmp
[2026-10-06T18:29:57+07:00] peer pack still running: 556 tar, 4 tmp
[2026-10-06T18:30:57+07:00] peer pack still running: 558 tar, 4 tmp
[2026-10-06T18:31:57+07:00] peer pack still running: 560 tar, 4 tmp
[2026-10-06T18:32:57+07:00] peer pack still running: 561 tar, 4 tmp
[2026-10-06T18:33:57+07:00] peer pack still running: 562 tar, 4 tmp
[2026-10-06T18:34:57+07:00] peer pack still running: 564 tar, 4 tmp
[2026-10-06T18:35:57+07:00] peer pack still running: 565 tar, 4 tmp
[2026-10-06T18:36:57+07:00] peer pack still running: 567 tar, 4 tmp
[2026-10-06T18:37:57+07:00] peer pack still running: 568 tar, 4 tmp
[2026-10-06T18:38:58+07:00] peer pack still running: 569 tar, 4 tmp
[2026-10-06T18:39:58+07:00] peer pack still running: 570 tar, 4 tmp
[2026-10-06T18:40:58+07:00] peer pack still running: 572 tar, 4 tmp
[2026-10-06T18:41:58+07:00] peer pack still running: 573 tar, 4 tmp
[2026-10-06T18:42:58+07:00] peer pack still running: 575 tar, 4 tmp
[2026-10-06T18:43:58+07:00] peer pack still running: 577 tar, 4 tmp
[2026-10-06T18:44:58+07:00] peer pack still running: 578 tar, 4 tmp
[2026-10-06T18:45:58+07:00] peer pack still running: 579 tar, 4 tmp
[2026-10-06T18:46:58+07:00] peer pack still running: 581 tar, 4 tmp
[2026-10-06T18:47:58+07:00] peer pack still running: 582 tar, 4 tmp
[2026-10-06T18:48:58+07:00] peer pack still running: 584 tar, 4 tmp
[2026-10-06T18:49:58+07:00] peer pack still running: 585 tar, 4 tmp
[2026-10-06T18:50:58+07:00] peer pack still running: 586 tar, 4 tmp
[2026-10-06T18:51:58+07:00] peer pack still running: 588 tar, 4 tmp
[2026-10-06T18:52:59+07:00] peer pack still running: 589 tar, 4 tmp
[2026-10-06T18:53:59+07:00] peer pack still running: 590 tar, 4 tmp
[2026-10-06T18:54:59+07:00] peer pack still running: 593 tar, 4 tmp
[2026-10-06T18:55:59+07:00] peer pack still running: 594 tar, 4 tmp
[2026-10-06T18:56:59+07:00] peer pack still running: 596 tar, 4 tmp
[2026-10-06T18:57:59+07:00] peer pack still running: 597 tar, 4 tmp
[2026-10-06T18:58:59+07:00] peer pack still running: 598 tar, 4 tmp
[2026-10-06T18:59:59+07:00] peer pack still running: 600 tar, 4 tmp
[2026-10-06T19:00:59+07:00] peer pack still running: 601 tar, 4 tmp
[2026-10-06T19:01:59+07:00] peer pack still running: 602 tar, 4 tmp
[2026-10-06T19:02:59+07:00] peer pack still running: 604 tar, 4 tmp
[2026-10-06T19:03:59+07:00] peer pack still running: 605 tar, 4 tmp
[2026-10-06T19:04:59+07:00] peer pack still running: 606 tar, 4 tmp
[2026-10-06T19:05:59+07:00] peer pack still running: 608 tar, 4 tmp
[2026-10-06T19:07:00+07:00] peer pack still running: 609 tar, 4 tmp
[2026-10-06T19:08:00+07:00] peer pack still running: 611 tar, 4 tmp
[2026-10-06T19:09:00+07:00] peer pack still running: 613 tar, 4 tmp
[2026-10-06T19:10:00+07:00] peer pack still running: 613 tar, 4 tmp
[2026-10-06T19:11:00+07:00] peer pack still running: 615 tar, 4 tmp
[2026-10-06T19:12:00+07:00] peer pack still running: 617 tar, 4 tmp
[2026-10-06T19:13:00+07:00] peer pack still running: 617 tar, 4 tmp
[2026-10-06T19:14:00+07:00] peer pack still running: 619 tar, 4 tmp
[2026-10-06T19:15:00+07:00] peer pack still running: 621 tar, 4 tmp
[2026-10-06T19:16:00+07:00] peer pack still running: 621 tar, 4 tmp
[2026-10-06T19:17:00+07:00] peer pack still running: 623 tar, 4 tmp
[2026-10-06T19:18:00+07:00] peer pack still running: 625 tar, 4 tmp
[2026-10-06T19:19:00+07:00] peer pack still running: 625 tar, 4 tmp
[2026-10-06T19:20:00+07:00] peer pack still running: 627 tar, 4 tmp
[2026-10-06T19:21:01+07:00] peer pack still running: 629 tar, 4 tmp
[2026-10-06T19:22:01+07:00] peer pack still running: 630 tar, 4 tmp
[2026-10-06T19:23:01+07:00] peer pack still running: 631 tar, 4 tmp
[2026-10-06T19:24:01+07:00] peer pack still running: 633 tar, 4 tmp
[2026-10-06T19:25:01+07:00] peer pack still running: 634 tar, 4 tmp
[2026-10-06T19:26:01+07:00] peer pack still running: 636 tar, 4 tmp
[2026-10-06T19:27:01+07:00] peer pack still running: 637 tar, 4 tmp
[2026-10-06T19:28:01+07:00] peer pack still running: 638 tar, 4 tmp
[2026-10-06T19:29:01+07:00] peer pack still running: 640 tar, 4 tmp
[2026-10-06T19:30:01+07:00] peer pack still running: 641 tar, 4 tmp
[2026-10-06T19:31:01+07:00] peer pack still running: 643 tar, 4 tmp
[2026-10-06T19:32:01+07:00] peer pack still running: 645 tar, 4 tmp
[2026-10-06T19:33:02+07:00] peer pack still running: 645 tar, 4 tmp
[2026-10-06T19:34:02+07:00] peer pack still running: 647 tar, 4 tmp
[2026-10-06T19:35:02+07:00] peer pack still running: 649 tar, 4 tmp
[2026-10-06T19:36:02+07:00] peer pack still running: 650 tar, 4 tmp
[2026-10-06T19:37:02+07:00] peer pack still running: 652 tar, 4 tmp
[2026-10-06T19:38:02+07:00] peer pack still running: 653 tar, 4 tmp
[2026-10-06T19:39:02+07:00] peer pack still running: 655 tar, 4 tmp
[2026-10-06T19:40:02+07:00] peer pack still running: 657 tar, 4 tmp
[2026-10-06T19:41:02+07:00] peer pack still running: 658 tar, 4 tmp
[2026-10-06T19:42:02+07:00] peer pack still running: 660 tar, 4 tmp
[2026-10-06T19:43:02+07:00] peer pack still running: 661 tar, 4 tmp
[2026-10-06T19:44:02+07:00] peer pack still running: 662 tar, 4 tmp
[2026-10-06T19:45:02+07:00] peer pack still running: 664 tar, 4 tmp
[2026-10-06T19:46:02+07:00] peer pack still running: 665 tar, 4 tmp
[2026-10-06T19:47:03+07:00] peer pack still running: 666 tar, 4 tmp
[2026-10-06T19:48:03+07:00] peer pack still running: 668 tar, 4 tmp
[2026-10-06T19:49:03+07:00] peer pack still running: 669 tar, 4 tmp
[2026-10-06T19:50:03+07:00] peer pack still running: 671 tar, 4 tmp
[2026-10-06T19:51:03+07:00] peer pack still running: 673 tar, 4 tmp
[2026-10-06T19:52:03+07:00] peer pack still running: 673 tar, 4 tmp
[2026-10-06T19:53:03+07:00] peer pack still running: 675 tar, 4 tmp
[2026-10-06T19:54:03+07:00] peer pack still running: 677 tar, 4 tmp
[2026-10-06T19:55:03+07:00] peer pack still running: 678 tar, 4 tmp
[2026-10-06T19:56:03+07:00] peer pack still running: 680 tar, 4 tmp
[2026-10-06T19:57:03+07:00] peer pack still running: 681 tar, 4 tmp
[2026-10-06T19:58:03+07:00] peer pack still running: 682 tar, 4 tmp
[2026-10-06T19:59:03+07:00] peer pack still running: 684 tar, 4 tmp
[2026-10-06T20:00:03+07:00] peer pack still running: 685 tar, 4 tmp
[2026-10-06T20:01:03+07:00] peer pack still running: 688 tar, 4 tmp
[2026-10-06T20:02:04+07:00] peer pack still running: 689 tar, 4 tmp
[2026-10-06T20:03:04+07:00] peer pack still running: 690 tar, 4 tmp
[2026-10-06T20:04:04+07:00] peer pack still running: 692 tar, 4 tmp
[2026-10-06T20:05:04+07:00] peer pack still running: 693 tar, 4 tmp
[2026-10-06T20:06:04+07:00] peer pack still running: 696 tar, 4 tmp
[2026-10-06T20:07:04+07:00] peer pack still running: 696 tar, 4 tmp
[2026-10-06T20:08:04+07:00] peer pack still running: 697 tar, 4 tmp
[2026-10-06T20:09:04+07:00] peer pack still running: 700 tar, 4 tmp
[2026-10-06T20:10:04+07:00] peer pack still running: 701 tar, 4 tmp
[2026-10-06T20:11:04+07:00] peer pack still running: 701 tar, 4 tmp
[2026-10-06T20:12:04+07:00] peer pack still running: 704 tar, 4 tmp
[2026-10-06T20:13:04+07:00] peer pack still running: 705 tar, 4 tmp
[2026-10-06T20:14:04+07:00] peer pack still running: 706 tar, 4 tmp
[2026-10-06T20:15:04+07:00] peer pack still running: 708 tar, 4 tmp
[2026-10-06T20:16:05+07:00] peer pack still running: 709 tar, 4 tmp
[2026-10-06T20:17:05+07:00] peer pack still running: 710 tar, 4 tmp
[2026-10-06T20:18:05+07:00] peer pack still running: 712 tar, 4 tmp
[2026-10-06T20:19:05+07:00] peer pack still running: 713 tar, 4 tmp
[2026-10-06T20:20:05+07:00] peer pack still running: 715 tar, 4 tmp
[2026-10-06T20:21:05+07:00] peer pack still running: 716 tar, 4 tmp
[2026-10-06T20:22:05+07:00] peer pack still running: 717 tar, 4 tmp
[2026-10-06T20:23:05+07:00] peer pack still running: 718 tar, 4 tmp
[2026-10-06T20:24:05+07:00] peer pack still running: 720 tar, 4 tmp
[2026-10-06T20:25:05+07:00] peer pack still running: 721 tar, 4 tmp
[2026-10-06T20:26:05+07:00] peer pack still running: 723 tar, 4 tmp
[2026-10-06T20:27:05+07:00] peer pack still running: 724 tar, 4 tmp
[2026-10-06T20:28:05+07:00] peer pack still running: 726 tar, 4 tmp
[2026-10-06T20:29:05+07:00] peer pack still running: 728 tar, 4 tmp
[2026-10-06T20:30:06+07:00] peer pack still running: 729 tar, 4 tmp
[2026-10-06T20:31:06+07:00] peer pack still running: 730 tar, 4 tmp
[2026-10-06T20:32:06+07:00] peer pack still running: 732 tar, 4 tmp
[2026-10-06T20:33:06+07:00] peer pack still running: 733 tar, 4 tmp
[2026-10-06T20:34:06+07:00] peer pack still running: 734 tar, 4 tmp
[2026-10-06T20:35:06+07:00] peer pack still running: 736 tar, 4 tmp
[2026-10-06T20:36:06+07:00] peer pack still running: 737 tar, 4 tmp
[2026-10-06T20:37:06+07:00] peer pack still running: 740 tar, 4 tmp
[2026-10-06T20:38:06+07:00] peer pack still running: 741 tar, 4 tmp
[2026-10-06T20:39:06+07:00] peer pack still running: 742 tar, 4 tmp
[2026-10-06T20:40:06+07:00] peer pack still running: 744 tar, 4 tmp
[2026-10-06T20:41:06+07:00] peer pack still running: 745 tar, 4 tmp
[2026-10-06T20:42:06+07:00] peer pack still running: 746 tar, 4 tmp
[2026-10-06T20:43:07+07:00] peer pack still running: 748 tar, 4 tmp
[2026-10-06T20:44:07+07:00] peer pack still running: 749 tar, 4 tmp
[2026-10-06T20:45:07+07:00] peer pack still running: 751 tar, 4 tmp
[2026-10-06T20:46:07+07:00] peer pack still running: 753 tar, 4 tmp
[2026-10-06T20:47:07+07:00] peer pack still running: 754 tar, 4 tmp
[2026-10-06T20:48:07+07:00] peer pack still running: 756 tar, 4 tmp
[2026-10-06T20:49:07+07:00] peer pack still running: 757 tar, 4 tmp
[2026-10-06T20:50:07+07:00] peer pack still running: 758 tar, 4 tmp
[2026-10-06T20:51:07+07:00] peer pack still running: 760 tar, 4 tmp
[2026-10-06T20:52:07+07:00] peer pack still running: 761 tar, 4 tmp
[2026-10-06T20:53:08+07:00] peer pack still running: 763 tar, 4 tmp
[2026-10-06T20:54:08+07:00] peer pack still running: 764 tar, 4 tmp
[2026-10-06T20:55:08+07:00] peer pack still running: 765 tar, 4 tmp
[2026-10-06T20:56:08+07:00] peer pack still running: 767 tar, 4 tmp
[2026-10-06T20:57:08+07:00] peer pack still running: 768 tar, 4 tmp
[2026-10-06T20:58:08+07:00] peer pack still running: 769 tar, 4 tmp
[2026-10-06T20:59:08+07:00] peer pack still running: 771 tar, 4 tmp
[2026-10-06T21:00:08+07:00] peer pack still running: 772 tar, 4 tmp
[2026-10-06T21:01:08+07:00] peer pack still running: 773 tar, 4 tmp
[2026-10-06T21:02:08+07:00] peer pack still running: 775 tar, 4 tmp
[2026-10-06T21:03:08+07:00] peer pack still running: 777 tar, 4 tmp
[2026-10-06T21:04:08+07:00] peer pack still running: 777 tar, 4 tmp
[2026-10-06T21:05:09+07:00] peer pack still running: 780 tar, 4 tmp
[2026-10-06T21:06:09+07:00] peer pack still running: 781 tar, 4 tmp
[2026-10-06T21:07:09+07:00] peer pack still running: 782 tar, 4 tmp
[2026-10-06T21:08:09+07:00] peer pack still running: 784 tar, 4 tmp
[2026-10-06T21:09:09+07:00] peer pack still running: 785 tar, 4 tmp
[2026-10-06T21:10:09+07:00] peer pack still running: 785 tar, 4 tmp
[2026-10-06T21:11:09+07:00] peer pack still running: 788 tar, 4 tmp
[2026-10-06T21:12:09+07:00] peer pack still running: 789 tar, 4 tmp
[2026-10-06T21:13:09+07:00] peer pack still running: 789 tar, 4 tmp
[2026-10-06T21:14:09+07:00] peer pack still running: 792 tar, 4 tmp
[2026-10-06T21:15:09+07:00] peer pack still running: 793 tar, 4 tmp
[2026-10-06T21:16:09+07:00] peer pack still running: 793 tar, 4 tmp
[2026-10-06T21:17:09+07:00] peer pack still running: 795 tar, 4 tmp
[2026-10-06T21:18:09+07:00] peer pack still running: 796 tar, 4 tmp
[2026-10-06T21:19:10+07:00] peer pack still running: 797 tar, 4 tmp
[2026-10-06T21:20:10+07:00] peer pack still running: 800 tar, 4 tmp
[2026-10-06T21:21:10+07:00] peer pack still running: 801 tar, 4 tmp
[2026-10-06T21:22:10+07:00] peer pack still running: 801 tar, 4 tmp
[2026-10-06T21:23:10+07:00] peer pack still running: 804 tar, 4 tmp
[2026-10-06T21:24:10+07:00] peer pack still running: 805 tar, 4 tmp
[2026-10-06T21:25:10+07:00] peer pack still running: 806 tar, 4 tmp
[2026-10-06T21:26:10+07:00] peer pack still running: 808 tar, 4 tmp
[2026-10-06T21:27:10+07:00] peer pack still running: 809 tar, 4 tmp
[2026-10-06T21:28:10+07:00] peer pack still running: 809 tar, 4 tmp
[2026-10-06T21:29:10+07:00] peer pack still running: 811 tar, 4 tmp
[2026-10-06T21:30:10+07:00] peer pack still running: 812 tar, 4 tmp
[2026-10-06T21:31:10+07:00] peer pack still running: 813 tar, 4 tmp
[2026-10-06T21:32:10+07:00] peer pack still running: 813 tar, 4 tmp
[2026-10-06T21:33:11+07:00] peer pack still running: 816 tar, 4 tmp
[2026-10-06T21:34:11+07:00] peer pack still running: 816 tar, 4 tmp
[2026-10-06T21:35:11+07:00] peer pack still running: 817 tar, 4 tmp
[2026-10-06T21:36:11+07:00] peer pack still running: 817 tar, 4 tmp
[2026-10-06T21:37:11+07:00] peer pack still running: 819 tar, 4 tmp
[2026-10-06T21:38:11+07:00] peer pack still running: 820 tar, 4 tmp
[2026-10-06T21:39:11+07:00] peer pack still running: 821 tar, 4 tmp
[2026-10-06T21:40:11+07:00] peer pack still running: 821 tar, 4 tmp
[2026-10-06T21:41:11+07:00] peer pack still running: 823 tar, 4 tmp
[2026-10-06T21:42:11+07:00] peer pack still running: 824 tar, 4 tmp
[2026-10-06T21:43:11+07:00] peer pack still running: 825 tar, 4 tmp
[2026-10-06T21:44:11+07:00] peer pack still running: 826 tar, 4 tmp
[2026-10-06T21:45:11+07:00] peer pack still running: 828 tar, 4 tmp
[2026-10-06T21:46:11+07:00] peer pack still running: 829 tar, 4 tmp
[2026-10-06T21:47:12+07:00] peer pack still running: 829 tar, 4 tmp
[2026-10-06T21:48:12+07:00] peer pack still running: 832 tar, 4 tmp
[2026-10-06T21:49:12+07:00] peer pack still running: 832 tar, 4 tmp
[2026-10-06T21:50:12+07:00] peer pack still running: 833 tar, 4 tmp
[2026-10-06T21:51:12+07:00] peer pack still running: 835 tar, 4 tmp
[2026-10-06T21:52:12+07:00] peer pack still running: 836 tar, 4 tmp
[2026-10-06T21:53:12+07:00] peer pack still running: 836 tar, 4 tmp
[2026-10-06T21:54:12+07:00] peer pack still running: 837 tar, 4 tmp
[2026-10-06T21:55:12+07:00] peer pack still running: 837 tar, 4 tmp
[2026-10-06T21:56:12+07:00] peer pack still running: 839 tar, 4 tmp
[2026-10-06T21:57:12+07:00] peer pack still running: 840 tar, 4 tmp
[2026-10-06T21:58:12+07:00] peer pack still running: 841 tar, 4 tmp
[2026-10-06T21:59:12+07:00] peer pack still running: 841 tar, 4 tmp
[2026-10-06T22:00:12+07:00] peer pack still running: 842 tar, 4 tmp
[2026-10-06T22:01:13+07:00] peer pack still running: 844 tar, 4 tmp
[2026-10-06T22:02:13+07:00] peer pack still running: 845 tar, 4 tmp
[2026-10-06T22:03:13+07:00] peer pack still running: 846 tar, 4 tmp
[2026-10-06T22:04:13+07:00] peer pack still running: 848 tar, 4 tmp
[2026-10-06T22:05:13+07:00] peer pack still running: 849 tar, 4 tmp
[2026-10-06T22:06:13+07:00] peer pack still running: 850 tar, 4 tmp
[2026-10-06T22:07:13+07:00] peer pack still running: 852 tar, 4 tmp
[2026-10-06T22:08:13+07:00] peer pack still running: 853 tar, 4 tmp
[2026-10-06T22:09:13+07:00] peer pack still running: 855 tar, 4 tmp
[2026-10-06T22:10:13+07:00] peer pack still running: 856 tar, 4 tmp
[2026-10-06T22:11:13+07:00] peer pack still running: 857 tar, 4 tmp
[2026-10-06T22:12:13+07:00] peer pack still running: 859 tar, 4 tmp
[2026-10-06T22:13:14+07:00] peer pack still running: 860 tar, 4 tmp
[2026-10-06T22:14:14+07:00] peer pack still running: 861 tar, 4 tmp
[2026-10-06T22:15:14+07:00] peer pack still running: 864 tar, 4 tmp
[2026-10-06T22:16:14+07:00] peer pack still running: 864 tar, 4 tmp
[2026-10-06T22:17:14+07:00] peer pack still running: 865 tar, 4 tmp
[2026-10-06T22:18:14+07:00] peer pack still running: 867 tar, 4 tmp
[2026-10-06T22:19:14+07:00] peer pack still running: 868 tar, 4 tmp
[2026-10-06T22:20:14+07:00] peer pack still running: 869 tar, 4 tmp
[2026-10-06T22:21:14+07:00] peer pack still running: 870 tar, 4 tmp
[2026-10-06T22:22:14+07:00] peer pack still running: 872 tar, 4 tmp
[2026-10-06T22:23:14+07:00] peer pack still running: 873 tar, 4 tmp
[2026-10-06T22:24:14+07:00] peer pack still running: 874 tar, 4 tmp
[2026-10-06T22:25:15+07:00] peer pack still running: 876 tar, 4 tmp
[2026-10-06T22:26:15+07:00] peer pack still running: 876 tar, 4 tmp
[2026-10-06T22:27:15+07:00] peer pack still running: 877 tar, 4 tmp
[2026-10-06T22:28:15+07:00] peer pack still running: 879 tar, 4 tmp
[2026-10-06T22:29:15+07:00] peer pack still running: 880 tar, 4 tmp
[2026-10-06T22:30:15+07:00] peer pack still running: 881 tar, 4 tmp
[2026-10-06T22:31:15+07:00] peer pack still running: 883 tar, 4 tmp
[2026-10-06T22:32:15+07:00] peer pack still running: 884 tar, 4 tmp
[2026-10-06T22:33:15+07:00] peer pack still running: 885 tar, 4 tmp
[2026-10-06T22:34:15+07:00] peer pack still running: 888 tar, 4 tmp
[2026-10-06T22:35:15+07:00] peer pack still running: 889 tar, 4 tmp
[2026-10-06T22:36:16+07:00] peer pack still running: 891 tar, 4 tmp
[2026-10-06T22:37:16+07:00] peer pack still running: 892 tar, 4 tmp
[2026-10-06T22:38:16+07:00] peer pack still running: 893 tar, 4 tmp
[2026-10-06T22:39:16+07:00] peer pack still running: 895 tar, 4 tmp
[2026-10-06T22:40:16+07:00] peer pack still running: 896 tar, 4 tmp
[2026-10-06T22:41:16+07:00] peer pack still running: 897 tar, 4 tmp
[2026-10-06T22:42:16+07:00] peer pack still running: 899 tar, 4 tmp
[2026-10-06T22:43:16+07:00] peer pack still running: 900 tar, 4 tmp
[2026-10-06T22:44:16+07:00] peer pack still running: 901 tar, 4 tmp
[2026-10-06T22:45:16+07:00] peer pack still running: 903 tar, 4 tmp
[2026-10-06T22:46:16+07:00] peer pack still running: 904 tar, 4 tmp
[2026-10-06T22:47:16+07:00] peer pack still running: 905 tar, 4 tmp
[2026-10-06T22:48:16+07:00] peer pack still running: 907 tar, 4 tmp
[2026-10-06T22:49:16+07:00] peer pack still running: 907 tar, 4 tmp
[2026-10-06T22:50:17+07:00] peer pack still running: 908 tar, 4 tmp
[2026-10-06T22:51:17+07:00] peer pack still running: 909 tar, 4 tmp
[2026-10-06T22:52:17+07:00] peer pack still running: 911 tar, 4 tmp
[2026-10-06T22:53:17+07:00] peer pack still running: 912 tar, 4 tmp
[2026-10-06T22:54:17+07:00] peer pack still running: 912 tar, 4 tmp
[2026-10-06T22:55:17+07:00] peer pack still running: 913 tar, 4 tmp
[2026-10-06T22:56:17+07:00] peer pack still running: 915 tar, 4 tmp
[2026-10-06T22:57:17+07:00] peer pack still running: 916 tar, 4 tmp
[2026-10-06T22:58:17+07:00] peer pack still running: 916 tar, 4 tmp
[2026-10-06T22:59:17+07:00] peer pack still running: 918 tar, 4 tmp
[2026-10-06T23:00:17+07:00] peer pack still running: 919 tar, 4 tmp
[2026-10-06T23:01:17+07:00] peer pack still running: 920 tar, 4 tmp
[2026-10-06T23:02:17+07:00] peer pack still running: 922 tar, 4 tmp
[2026-10-06T23:03:17+07:00] peer pack still running: 924 tar, 4 tmp
[2026-10-06T23:04:17+07:00] peer pack still running: 924 tar, 4 tmp
[2026-10-06T23:05:18+07:00] peer pack still running: 926 tar, 4 tmp
[2026-10-06T23:06:18+07:00] peer pack still running: 927 tar, 4 tmp
[2026-10-06T23:07:18+07:00] peer pack still running: 928 tar, 4 tmp
[2026-10-06T23:08:18+07:00] peer pack still running: 929 tar, 4 tmp
[2026-10-06T23:09:18+07:00] peer pack still running: 931 tar, 4 tmp
[2026-10-06T23:10:18+07:00] peer pack still running: 932 tar, 4 tmp
[2026-10-06T23:11:18+07:00] peer pack still running: 933 tar, 4 tmp
[2026-10-06T23:12:18+07:00] peer pack still running: 935 tar, 4 tmp
[2026-10-06T23:13:18+07:00] peer pack still running: 936 tar, 4 tmp
[2026-10-06T23:14:18+07:00] peer pack still running: 937 tar, 4 tmp
[2026-10-06T23:15:18+07:00] peer pack still running: 939 tar, 4 tmp
[2026-10-06T23:16:18+07:00] peer pack still running: 940 tar, 4 tmp
[2026-10-06T23:17:19+07:00] peer pack still running: 941 tar, 4 tmp
[2026-10-06T23:18:19+07:00] peer pack still running: 943 tar, 4 tmp
[2026-10-06T23:19:19+07:00] peer pack still running: 944 tar, 4 tmp
[2026-10-06T23:20:19+07:00] peer pack still running: 945 tar, 4 tmp
[2026-10-06T23:21:19+07:00] peer pack still running: 947 tar, 4 tmp
[2026-10-06T23:22:19+07:00] peer pack still running: 947 tar, 4 tmp
[2026-10-06T23:23:19+07:00] peer pack still running: 948 tar, 4 tmp
[2026-10-06T23:24:19+07:00] peer pack still running: 950 tar, 4 tmp
[2026-10-06T23:25:19+07:00] peer pack still running: 951 tar, 4 tmp
[2026-10-06T23:26:19+07:00] peer pack still running: 952 tar, 4 tmp
[2026-10-06T23:27:19+07:00] peer pack still running: 952 tar, 4 tmp
[2026-10-06T23:28:19+07:00] peer pack still running: 953 tar, 4 tmp
[2026-10-06T23:29:19+07:00] peer pack still running: 955 tar, 4 tmp
[2026-10-06T23:30:20+07:00] peer pack still running: 956 tar, 4 tmp
[2026-10-06T23:31:20+07:00] peer pack still running: 958 tar, 4 tmp
[2026-10-06T23:32:20+07:00] peer pack still running: 959 tar, 4 tmp
[2026-10-06T23:33:20+07:00] peer pack still running: 960 tar, 4 tmp
[2026-10-06T23:34:20+07:00] peer pack still running: 962 tar, 4 tmp
[2026-10-06T23:35:20+07:00] peer pack still running: 963 tar, 4 tmp
[2026-10-06T23:36:20+07:00] peer pack still running: 964 tar, 4 tmp
[2026-10-06T23:37:20+07:00] peer pack still running: 967 tar, 4 tmp
[2026-10-06T23:38:20+07:00] peer pack still running: 967 tar, 4 tmp
[2026-10-06T23:39:20+07:00] peer pack still running: 969 tar, 4 tmp
[2026-10-06T23:40:20+07:00] peer pack still running: 971 tar, 4 tmp
[2026-10-06T23:41:20+07:00] peer pack still running: 972 tar, 4 tmp
[2026-10-06T23:42:20+07:00] peer pack still running: 973 tar, 4 tmp
[2026-10-06T23:43:20+07:00] peer pack still running: 975 tar, 4 tmp
[2026-10-06T23:44:21+07:00] peer pack still running: 976 tar, 4 tmp
[2026-10-06T23:45:21+07:00] peer pack still running: 976 tar, 4 tmp
[2026-10-06T23:46:21+07:00] peer pack still running: 977 tar, 4 tmp
[2026-10-06T23:47:21+07:00] peer pack still running: 979 tar, 4 tmp
[2026-10-06T23:48:21+07:00] peer pack still running: 980 tar, 4 tmp
[2026-10-06T23:49:21+07:00] peer pack still running: 982 tar, 4 tmp
[2026-10-06T23:50:21+07:00] peer pack still running: 983 tar, 4 tmp
[2026-10-06T23:51:21+07:00] peer pack still running: 984 tar, 4 tmp
[2026-10-06T23:52:21+07:00] peer pack still running: 985 tar, 4 tmp
[2026-10-06T23:53:21+07:00] peer pack still running: 987 tar, 4 tmp
[2026-10-06T23:54:21+07:00] peer pack still running: 988 tar, 4 tmp
[2026-10-06T23:55:21+07:00] peer pack still running: 989 tar, 4 tmp
[2026-10-06T23:56:21+07:00] peer pack still running: 991 tar, 4 tmp
[2026-10-06T23:57:21+07:00] peer pack still running: 991 tar, 4 tmp
[2026-10-06T23:58:22+07:00] peer pack still running: 992 tar, 4 tmp
[2026-10-06T23:59:22+07:00] peer pack still running: 993 tar, 4 tmp
[2026-10-07T00:00:22+07:00] peer pack still running: 995 tar, 4 tmp
[2026-10-07T00:01:22+07:00] peer pack still running: 995 tar, 4 tmp
[2026-10-07T00:02:22+07:00] peer pack still running: 996 tar, 4 tmp
[2026-10-07T00:03:22+07:00] peer pack still running: 997 tar, 3 tmp
[2026-10-07T00:04:22+07:00] peer pack still running: 999 tar, 1 tmp
[2026-10-07T00:06:23+07:00] extracted 25/1000 archives
[2026-10-07T00:07:16+07:00] extracted 50/1000 archives
[2026-10-07T00:08:03+07:00] extracted 75/1000 archives
[2026-10-07T00:11:01+07:00] extracted 100/1000 archives
[2026-10-07T00:14:24+07:00] extracted 125/1000 archives
[2026-10-07T00:16:22+07:00] extracted 150/1000 archives
[2026-10-07T00:18:18+07:00] extracted 175/1000 archives
[2026-10-07T00:19:07+07:00] extracted 200/1000 archives
[2026-10-07T00:19:18+07:00] extracted 225/1000 archives
[2026-10-07T00:19:31+07:00] extracted 250/1000 archives
[2026-10-07T00:20:25+07:00] extracted 275/1000 archives
[2026-10-07T00:20:55+07:00] extracted 300/1000 archives
[2026-10-07T00:20:59+07:00] extracted 325/1000 archives
[2026-10-07T00:21:04+07:00] extracted 350/1000 archives
[2026-10-07T00:21:08+07:00] extracted 375/1000 archives
[2026-10-07T00:21:11+07:00] extracted 400/1000 archives
[2026-10-07T00:21:16+07:00] extracted 425/1000 archives
[2026-10-07T00:21:21+07:00] extracted 450/1000 archives
[2026-10-07T00:21:34+07:00] extracted 475/1000 archives
[2026-10-07T00:22:07+07:00] extracted 500/1000 archives
[2026-10-07T00:22:54+07:00] extracted 525/1000 archives
[2026-10-07T00:23:37+07:00] extracted 550/1000 archives
[2026-10-07T00:25:03+07:00] extracted 575/1000 archives
[2026-10-07T00:27:12+07:00] extracted 600/1000 archives
[2026-10-07T00:29:49+07:00] extracted 625/1000 archives
[2026-10-07T00:32:50+07:00] extracted 650/1000 archives
[2026-10-07T00:34:23+07:00] extracted 675/1000 archives
[2026-10-07T00:36:15+07:00] extracted 700/1000 archives
[2026-10-07T00:37:22+07:00] extracted 725/1000 archives
[2026-10-07T00:38:36+07:00] extracted 750/1000 archives
[2026-10-07T00:39:40+07:00] extracted 775/1000 archives
[2026-10-07T00:41:02+07:00] extracted 800/1000 archives
[2026-10-07T00:42:09+07:00] extracted 825/1000 archives
[2026-10-07T00:42:48+07:00] extracted 850/1000 archives
[2026-10-07T00:43:18+07:00] extracted 875/1000 archives
[2026-10-07T00:44:59+07:00] extracted 900/1000 archives
[2026-10-07T00:46:07+07:00] extracted 925/1000 archives
[2026-10-07T00:47:26+07:00] extracted 950/1000 archives
[2026-10-07T00:47:56+07:00] extracted 975/1000 archives
[2026-10-07T00:49:52+07:00] extracted 1000/1000 archives
[2026-10-07T00:49:52+07:00] extracted 1000/1000 archives
[2026-10-07T00:49:52+07:00] copied missing peer manifests
[2026-10-07T00:49:52+07:00] local pages: 3547708
[2026-10-07T00:51:06+07:00] finalize watcher complete
