docs to extract: 3,547,374
  50,000/3,547,374 docs -> 283,682 chunks
  100,000/3,547,374 docs -> 575,148 chunks
  150,000/3,547,374 docs -> 845,675 chunks
  200,000/3,547,374 docs -> 1,115,063 chunks
  250,000/3,547,374 docs -> 1,377,738 chunks
  300,000/3,547,374 docs -> 1,637,624 chunks
  350,000/3,547,374 docs -> 1,904,196 chunks
  400,000/3,547,374 docs -> 2,169,709 chunks
  450,000/3,547,374 docs -> 2,457,104 chunks
  500,000/3,547,374 docs -> 2,708,747 chunks
  550,000/3,547,374 docs -> 2,953,096 chunks
  600,000/3,547,374 docs -> 3,212,680 chunks
  650,000/3,547,374 docs -> 3,452,070 chunks
  700,000/3,547,374 docs -> 3,698,905 chunks
  750,000/3,547,374 docs -> 3,951,151 chunks
  800,000/3,547,374 docs -> 4,207,097 chunks
  850,000/3,547,374 docs -> 4,455,767 chunks
  900,000/3,547,374 docs -> 4,715,371 chunks
  950,000/3,547,374 docs -> 5,004,164 chunks
  1,000,000/3,547,374 docs -> 5,307,111 chunks
  1,050,000/3,547,374 docs -> 5,599,863 chunks
  1,100,000/3,547,374 docs -> 5,915,864 chunks
  1,150,000/3,547,374 docs -> 6,232,831 chunks
  1,200,000/3,547,374 docs -> 6,511,313 chunks
  1,250,000/3,547,374 docs -> 6,838,086 chunks
  1,300,000/3,547,374 docs -> 7,134,157 chunks
  1,350,000/3,547,374 docs -> 7,445,542 chunks
  1,400,000/3,547,374 docs -> 7,755,945 chunks
  1,450,000/3,547,374 docs -> 8,027,781 chunks
  1,500,000/3,547,374 docs -> 8,291,042 chunks
  1,550,000/3,547,374 docs -> 8,557,995 chunks
  1,600,000/3,547,374 docs -> 8,859,002 chunks
  1,650,000/3,547,374 docs -> 9,163,878 chunks
  1,700,000/3,547,374 docs -> 9,474,782 chunks
  1,750,000/3,547,374 docs -> 9,806,850 chunks
  1,800,000/3,547,374 docs -> 10,124,915 chunks
  1,850,000/3,547,374 docs -> 10,494,806 chunks
  1,900,000/3,547,374 docs -> 10,870,286 chunks
  1,950,000/3,547,374 docs -> 11,183,661 chunks
  2,000,000/3,547,374 docs -> 11,512,108 chunks
  2,050,000/3,547,374 docs -> 11,848,501 chunks
  2,100,000/3,547,374 docs -> 12,134,176 chunks
  2,150,000/3,547,374 docs -> 12,414,880 chunks
  2,200,000/3,547,374 docs -> 12,677,791 chunks
  2,250,000/3,547,374 docs -> 12,957,451 chunks
  2,300,000/3,547,374 docs -> 13,226,553 chunks
  2,350,000/3,547,374 docs -> 13,549,688 chunks
  2,400,000/3,547,374 docs -> 13,868,897 chunks
  2,450,000/3,547,374 docs -> 14,153,076 chunks
  2,500,000/3,547,374 docs -> 14,397,788 chunks
  2,550,000/3,547,374 docs -> 14,661,341 chunks
  2,600,000/3,547,374 docs -> 14,891,766 chunks
  2,650,000/3,547,374 docs -> 15,139,818 chunks
  2,700,000/3,547,374 docs -> 15,433,925 chunks
  2,750,000/3,547,374 docs -> 15,705,976 chunks
  2,800,000/3,547,374 docs -> 15,981,409 chunks
  2,850,000/3,547,374 docs -> 16,250,389 chunks
  2,900,000/3,547,374 docs -> 16,517,784 chunks
  2,950,000/3,547,374 docs -> 16,826,284 chunks
  3,000,000/3,547,374 docs -> 17,212,366 chunks
  3,050,000/3,547,374 docs -> 17,482,929 chunks
  3,100,000/3,547,374 docs -> 17,770,899 chunks
  3,150,000/3,547,374 docs -> 18,064,408 chunks
  3,200,000/3,547,374 docs -> 18,297,539 chunks
